[ltsu.ac.in/index.html]
[ltsu.ac.in/GET]
[backblue.gif]
[fade.gif]
[index.html]
[www.ltsu.ac.in/index0880.html]
[www.ltsu.ac.in/assets/frontend/css/bootstrap.min.css]
[www.ltsu.ac.in/assets/frontend/css/meanmenu.css]
[www.ltsu.ac.in/assets/frontend/css/owl.carousel.min.css]
[www.ltsu.ac.in/assets/frontend/css/owl.theme.default.min.css]
[www.ltsu.ac.in/assets/frontend/css/magnific-popup.css]
[www.ltsu.ac.in/assets/frontend/css/flaticon.css]
[www.ltsu.ac.in/assets/frontend/css/remixicon.css]
[www.ltsu.ac.in/assets/frontend/css/odometer.min.css]
[www.ltsu.ac.in/assets/frontend/css/aos.css]
[www.ltsu.ac.in/assets/frontend/css/style.css]
[www.ltsu.ac.in/assets/frontend/css/dark.css]
[www.ltsu.ac.in/assets/frontend/css/responsive.css]
[www.ltsu.ac.in/assets/frontend/images/favicon.png]
[www.ltsu.ac.in/assets/frontend/font-awesome/css/font-awesome.min.css]
[cdnjs.cloudflare.com/ajax/libs/font-awesome/4.7.0/css/font-awesome.min.css]
[fonts.googleapis.com/css2.108049.delayed]
[widgets.in6.nopaperforms.com/emwgts.html]
[www.ltsu.ac.in/assets/frontend/images/ff.png]
[www.facebook.com/lamrintechuniv/index.html]
[x.com/lamrinuniv.html]
[www.ltsu.ac.in/assets/frontend/images/tt.png]
[www.ltsu.ac.in/assets/frontend/images/ii.jpg]
[www.ltsu.ac.in/assets/frontend/images/ji.png]
[www.instagram.com/lamrintechskillsuniversity/index.html]
[www.youtube.com/channel/UCa-hPFUL3DypAk87S80eNwg.html]
[www.ltsu.ac.in/assets/frontend/images/ahh.png]
[www.ltsu.ac.in/international.html]
[www.ltsu.ac.in/assets/frontend/images/international_a.png]
[www.ltsu.ac.in/assets/frontend/images/whatsapp.png]
[api.whatsapp.com/sendeb9a.html]
[www.ltsu.ac.in/assets/frontend/images/call.png]
[www.ltsu.ac.in/mandatory-disclosure.html]
[www.ltsu.ac.in/assets/frontend/images/logo1.png]
[www.ltsu.ac.in/assets/frontend/images/loggg12.png]
[www.ltsu.ac.in/apply-now.html]
[www.ltsu.ac.in/about-ltsu.html]
[www.ltsu.ac.in/approvals.html]
[www.ltsu.ac.in/vision-mission.html]
[www.ltsu.ac.in/objectives.html]
[www.ltsu.ac.in/ltsu-at-glance.html]
[www.ltsu.ac.in/our-academic-skilling-framework.html]
[www.ltsu.ac.in/leadership-team.html]
[www.ltsu.ac.in/governing-body.html]
[www.ltsu.ac.in/board-of-management.html]
[www.ltsu.ac.in/academic-council.html]
[www.ltsu.ac.in/committees-office-orders.html]
[www.ltsu.ac.in/assets/frontend/pdf/UGC-Information_LTSU.pdf]
[www.ltsu.ac.in/chancellor-message.html]
[www.ltsu.ac.in/vice-chancellor-message.html]
[www.ltsu.ac.in/registrar-message.html]
[www.ltsu.ac.in/university-school-of-engineering.html]
[www.ltsu.ac.in/university-school-of-commerce-management.html]
[www.ltsu.ac.in/university-school-of-hotel-tourism-management.html]
[www.ltsu.ac.in/university-school-of-polytechnic.html]
[www.ltsu.ac.in/institute-of-pharmacy.html]
[www.ltsu.ac.in/university-school-of-allied-health-sciences.html]
[www.ltsu.ac.in/sggsjs-research-department.html]
[www.ltsu.ac.in/university-school-of-legal-studies.html]
[www.ltsu.ac.in/university-school-of-physical-education-sports.html]
[www.ltsu.ac.in/university-school-of-computing.html]
[www.ltsu.ac.in/lamrin-school-of-pharmaceutical-sciences.html]
[www.ltsu.ac.in/ucon.html]
[www.ltsu.ac.in/uslase.html]
[www.ltsu.ac.in/usbw.html]
[www.ltsu.ac.in/usd.html]
[www.ltsu.ac.in/campus-virtual-tour.html]
[www.ltsu.ac.in/admission-criteria.html]
[erp.ltsu.in/student-portal/login.html]
[pay.jodo.in/pages/7Wwawt9NEgY8Dxk8.html]
[nad.digilocker.gov.in/index.html]
[www.ltsu.ac.in/assets/frontend/images/new.gif]
[www.capabl.in/educate-the-educator/punjab-lstu-may-2026.html]
[docs.google.com/forms/d/e/1FAIpQLSehIsx5x59zfEQ6y2WGcx_wctydBU1FRZ0wGJJUsgFMTckIlA/viewform0e12.html]
[www.ltsu.ac.in/writable/uploads/banner/1776961455_dd3cd31aaef24c0171f7.png]
[www.ltsu.ac.in/writable/uploads/banner/1776338625_e8c22ef3fee66b8e5cb3.png]
[www.ltsu.ac.in/writable/uploads/banner/1766820180_e947f1b28e3ece1200f0.png]
[www.ltsu.ac.in/writable/uploads/banner/1719378675_b052bf5d7c5876e32ae8.jpg]
[www.ltsu.ac.in/assets/frontend/images/mobile_admission.jpg]
[www.facebook.com/permalink04b7.html]
[www.ltsu.ac.in/assets/frontend/images/about-Lamrin.jpg]
[www.ltsu.ac.in/assets/frontend/images/Engineering112.jpg]
[www.ltsu.ac.in/assets/frontend/images/ushtm1.jpg]
[www.ltsu.ac.in/assets/frontend/images/4940019.jpg]
[www.ltsu.ac.in/assets/frontend/images/bananear6.jpg]
[www.youtube.com/watch61ff.html]
[www.ltsu.ac.in/writable/uploads/event/1777014440_450f4814947a71a7ac74.jpg]
[www.ltsu.ac.in/writable/uploads/event/1776419413_602a99f8efbc2af3028e.png]
[www.ltsu.ac.in/writable/uploads/event/1776060069_b5c4301ba39ac2efdeee.jpg]
[www.ltsu.ac.in/writable/uploads/event/1776756071_27b0c49c71163a64ea42.jpg]
[www.ltsu.ac.in/writable/uploads/news/1775495217_a94fa284d40677b35ea5.png]
[www.ltsu.ac.in/writable/uploads/news/1775496147_cdce4dc039c1699c9627.jpg]
[www.facebook.com/lamrintechuniv/posts/pfbid0raNgsbnwVDJP9rg52cxiWSGaft3eijUJRPZfbtsYZwbCAxk8xJSWubALLfLBBXbAl.html]
[www.ltsu.ac.in/writable/uploads/news/1775123315_733d275b0399d3dfa15e.jpg]
[www.ltsu.ac.in/writable/uploads/news/1775058424_e680ead8ef3bbfd30731.jpg]
[www.ltsu.ac.in/writable/uploads/news/1775058518_62a504f5a859521ff856.jpg]
[www.ltsu.ac.in/writable/uploads/news/1771154280_bfbf94f971ac0a9974d4.jpg]
[www.ltsu.ac.in/assets/frontend/images/industry1.jpg]
[www.ltsu.ac.in/assets/frontend/images/industry5.jpg]
[www.ltsu.ac.in/assets/frontend/images/industry3.jpg]
[www.ltsu.ac.in/assets/frontend/images/industry17.jpg]
[www.ltsu.ac.in/assets/frontend/images/industry7.jpg]
[www.ltsu.ac.in/assets/frontend/images/industry8.jpg]
[www.ltsu.ac.in/assets/frontend/images/industry9.jpg]
[www.ltsu.ac.in/assets/frontend/images/industry11.jpg]
[www.ltsu.ac.in/assets/frontend/images/industry15.jpg]
[www.ltsu.ac.in/assets/frontend/images/industry16.jpg]
[www.ltsu.ac.in/assets/frontend/images/map1111.png]
[www.ltsu.ac.in/assets/frontend/images/international12.jpg]
[www.ltsu.ac.in/assets/frontend/images/international13.jpg]
[www.ltsu.ac.in/assets/frontend/images/international4.jpg]
[www.ltsu.ac.in/assets/frontend/images/international7.jpg]
[www.ltsu.ac.in/assets/frontend/images/international8.jpg]
[www.ltsu.ac.in/assets/frontend/images/bg-100000.jpg]
[www.ltsu.ac.in/assets/frontend/images/pic7.jpg]
[www.ltsu.ac.in/assets/frontend/images/pic5.jpg]
[www.ltsu.ac.in/assets/frontend/images/piac7.jpg]
[www.youtube.com/watch736a.html]
[cricclubs.com/home.e9ab54.delayed]
[www.ltsu.ac.in/assets/frontend/images/imp_ministry_of_edu.png]
[www.ltsu.ac.in/assets/frontend/images/imp_digilocker.png]
[www.digilocker.gov.in/index.html]
[www.ltsu.ac.in/assets/frontend/images/abc.png]
[www.abc.gov.in/index.html]
[app.jodo.in/lamrin/login.html]
[erp.ltsu.in/index.html]
[translate.google.com/translate_a/elementa0d8.js]
[www.google.com/maps/embedcd3d.html]
[www.inkwebsolutions.com/index.html]
[www.ltsu.ac.in/writable/uploads/popup/1777892918_56f101752065a257bfb1.jpg]
[apply.ltsu.ac.in/index.html]
[docs.google.com/forms/d/1W-_O227qzZVHZY6qDpEqLbKD7cvukhg87gfBsZIY_8A/viewform0ba3.html]
[cdn.jsdelivr.net/gh/fancyapps/fancybox@3.5.6/dist/jquery.fancybox.min.css]
[ltsu.ac.in/index.html]
[cdn.jsdelivr.net/gh/fancyapps/fancybox@3.5.6/dist/jquery.fancybox.min.js]
[ltsu.ac.in/GET.html]
[www.ltsu.ac.in/assets/frontend/css/bootstrap.min.css]
[www.ltsu.ac.in/assets/frontend/css/meanmenu.css]
[www.ltsu.ac.in/assets/frontend/css/owl.carousel.min.css]
[www.ltsu.ac.in/assets/frontend/css/owl.theme.default.min.css]
[www.ltsu.ac.in/assets/frontend/css/magnific-popup.css]
[www.ltsu.ac.in/assets/frontend/css/flaticon.css]
[www.ltsu.ac.in/assets/frontend/css/remixicon.css]
[www.ltsu.ac.in/assets/frontend/css/odometer.min.css]
[www.ltsu.ac.in/assets/frontend/css/aos.css]
[www.ltsu.ac.in/assets/frontend/images/page-bnner-new.jpg]
[www.ltsu.ac.in/assets/frontend/css/style.css]
[www.ltsu.ac.in/assets/frontend/css/dark.css]
[www.ltsu.ac.in/assets/frontend/css/responsive.css]
[www.ltsu.ac.in/assets/frontend/font-awesome/fonts/fontawesome-webfont3e6e.woff2]
[www.ltsu.ac.in/assets/frontend/font-awesome/css/font-awesome.min.css]
[cdnjs.cloudflare.com/ajax/libs/font-awesome/4.7.0/css/font-awesome.min.css]
[fonts.googleapis.com/css28049.html]
[widgets.in6.nopaperforms.com/emwgts.html]
[www.facebook.com/lamrintechuniv.html]
[scontent.fixc1-12.fna.fbcdn.net/v/t39.30808-1/637834637_915088297705420_4096192415863820457_n41d8.jpg]
[www.facebook.com/data/manifest/index1e5b.html]
[static.xx.fbcdn.net/rsrc.php/v5/yG/l/0,cross/ObKzuV1_dcY5sxazNqKYuaxgo-3469oiGfgQe914iiBfD-GevAmvU9KONMKn3YhINqU49pVNahkCkvx2I9b7Pb8K.css]
[static.xx.fbcdn.net/rsrc.php/v4/yN/r/FeEn-PwhFEI.js]
[static.xx.fbcdn.net/rsrc.php/v4iDgM4/yL/l/en_GB-j/TlzT_Xvn_-X.js]
[static.xx.fbcdn.net/rsrc.php/v4i7mS4/yE/l/en_GB-j/gOY-CFJYbXH.js]
[static.xx.fbcdn.net/rsrc.php/v4iSUt4/yw/l/en_GB-j/PMCocw5q7qC59oITumtaJMaitzTn_wE1kkal3GhUOcgfoMSf-W6tkkbiQoHxnpPlvf4tHSOZ0ohAc4kXz75kXxdpAQ_ShKYUb96zNZ0KNn4OLV5O6]
[static.xx.fbcdn.net/rsrc.php/v4ikHZ4/yz/l/en_GB-j/Yb_4OqQ0gwJAEm54HKUxbmEjDrv1HLrBlgtmVVLwfWEt-EP6ofpjvqJPy3k8641OfS0mN7_sUzXN1lmm2q5nvbqO9-1ERHICe0OeGcz_7a8eGWfGj]
[static.xx.fbcdn.net/rsrc.php/v4icZt4/yc/l/en_GB-j/uVJ0gYXP7cj.js]
[static.xx.fbcdn.net/rsrc.php/v4iJVq4/yT/l/en_GB-j/esPUxsztnYb.js]
[static.xx.fbcdn.net/rsrc.php/v4iXkC4/y5/l/en_GB-j/KwVev8rWy1h.js]
[static.xx.fbcdn.net/rsrc.php/v4itU44/yZ/l/en_GB-j/fuPz1hlJBPVfAozIMNFBkk169qoeB7slAw-ZnUsx4RDopP45Y7FQg3asDwND24EZ-W4V5wkD3ZtpPOmq97LhqYGUy8_8bf2fsb89f5OOy-5gC2tyl]
[scontent.fixc1-10.fna.fbcdn.net/v/t39.30808-6/466090935_576025131565772_564964825305691060_n57e2.jpg]
[scontent.fixc1-10.fna.fbcdn.net/v/t39.30808-6/466090935_576025131565772_564964825305691060_n057b.jpg]
[static.xx.fbcdn.net/rsrc.php/v4iUaM4/yb/l/en_GB-j/8qPlGdDZrJR.js]
[static.xx.fbcdn.net/rsrc.php/v4iwPU4/yx/l/en_GB-j/f5HuGa2zLeLHiSoGVHDFlcTcy64v1cOrLnPQVfM1bY869Hzr_qTg8SGArqemTigKLMHBlQKDd2zRysYRrZpooNGtM7m7WFxOIS1.js]
[static.xx.fbcdn.net/rsrc.php/v4ixYf4/yC/l/en_GB-j/lGerzl1qA7V.js]
[scontent.fixc1-12.fna.fbcdn.net/v/t39.99422-6/729480215_994181413324596_2937214502726063844_n45ff.jpg]
[scontent.fixc1-4.fna.fbcdn.net/v/t39.99422-6/730776494_2183091635978073_312162352169993879_n9797.jpg]
[scontent.fixc1-7.fna.fbcdn.net/v/t39.99422-6/729016204_1651531046107898_987361795111028509_n0c9a.jpg]
[scontent.fixc1-7.fna.fbcdn.net/v/t39.99422-6/730498138_1507859353595797_1617812630677902855_ncf6b.jpg]
[scontent.fixc1-4.fna.fbcdn.net/v/t39.99422-6/727904341_1832612654378058_8097804660931193902_n482e.jpg]
[scontent.fixc1-12.fna.fbcdn.net/v/t39.99422-6/729186477_1476852841122342_4493518162884409950_n2777.jpg]
[scontent.fixc1-4.fna.fbcdn.net/v/t39.99422-6/730503602_4217330141863968_9118005470161342222_n46af.jpg]
[scontent.fixc1-3.fna.fbcdn.net/v/t39.99422-6/730760642_2025413968070362_6127179328899629878_n95d7.jpg]
[scontent.fixc1-8.fna.fbcdn.net/v/t39.99422-6/728503544_2590364831366124_2201541214477141975_n6c7e.jpg]
[static.xx.fbcdn.net/rsrc.php/v4iQ964/y8/l/en_GB-j/pvrPCWPBnQY.js]
[scontent.fixc1-12.fna.fbcdn.net/v/t39.30808-1/637834637_915088297705420_4096192415863820457_n8225.jpg]
[static.xx.fbcdn.net/rsrc.php/v5/yA/l/0,cross/kIvhwN13TKz.css]
[static.xx.fbcdn.net/rsrc.php/v4/yD/r/s2qN_gTLiN_.js]
[static.xx.fbcdn.net/rsrc.php/v4iZX54/yE/l/en_GB-j/0Og3Vyi-ew4vTESKMTp1vRW-Ldmo1y9yLo4xUuq0BRBdaQ_hElkJ8_CcVB5yKr4KSjbxqJ6CYEyrHC2caJEvF_WMFqYi6eXz-kdO8h6hT2y4mR3Qt]
[www.facebook.com/lamrintechuniv/index.html]
[x.com/favicon.ico]
[abs.twimg.com/x-web/x-web/assets/chunk-9bFwaH39.js]
[abs.twimg.com/x-web/x-web/assets/sentry-filter-Dd_v0let.js]
[abs.twimg.com/x-web/x-web/assets/preload-helper-B7H2hAQk.js]
[abs.twimg.com/x-web/x-web/assets/features-CEdEm3_-.js]
[abs.twimg.com/x-web/x-web/assets/guest-token-DPaWof1Z.js]
[abs.twimg.com/x-web/x-web/assets/dist-CTeRt8XE.js]
[abs.twimg.com/x-web/x-web/assets/inbound-request-headers-DHETVvvW.js]
[abs.twimg.com/x-web/x-web/assets/utils-DeoTHH2u.js]
[abs.twimg.com/x-web/x-web/assets/request-context-1J43L3tR.js]
[abs.twimg.com/x-web/x-web/assets/not-found-BQ5MyJs_.js]
[abs.twimg.com/x-web/x-web/assets/link-ezfI6CKQ.js]
[abs.twimg.com/x-web/x-web/assets/ClientOnly-ybDX8awN.js]
[abs.twimg.com/x-web/x-web/assets/utils-tKSl6BjP.js]
[abs.twimg.com/x-web/x-web/assets/jsx-runtime-y95uLnIh.js]
[abs.twimg.com/x-web/x-web/assets/react-CIj56Ikd.js]
[abs.twimg.com/x-web/x-web/assets/useRouter-fjIIL6iq.js]
[abs.twimg.com/x-web/x-web/assets/utils-Btikf-cl.js]
[abs.twimg.com/x-web/x-web/assets/useStore-By9Lkqd9.js]
[abs.twimg.com/x-web/x-web/assets/with-selector-DpJY0665.js]
[abs.twimg.com/x-web/x-web/assets/shim-DlqpdCLp.js]
[abs.twimg.com/x-web/x-web/assets/react-dom-CLNqWiqE.js]
[abs.twimg.com/x-web/x-web/assets/useTranslation-wRfvIiQG.js]
[abs.twimg.com/x-web/x-web/assets/button-CX7UWezW.js]
[abs.twimg.com/x-web/x-web/assets/dist-C5Yh0LRZ.js]
[abs.twimg.com/x-web/x-web/assets/dist-m4CIDhu9.js]
[abs.twimg.com/x-web/x-web/assets/clsx-D9gkT1l7.js]
[abs.twimg.com/x-web/x-web/assets/text-j4eifKp0.js]
[abs.twimg.com/x-web/x-web/assets/link-XhSbmjPq.js]
[abs.twimg.com/x-web/x-web/assets/sidebar-spinner-DzdwjQdi.js]
[abs.twimg.com/x-web/x-web/assets/activity-indicator-BF9mBAVn.js]
[abs.twimg.com/x-web/x-web/assets/capture-upstream-error-Bcx8_Quv.js]
[abs.twimg.com/x-web/x-web/assets/esm-BQaTIgOz.js]
[abs.twimg.com/x-web/x-web/assets/http-error-status-Dv4jb39-.js]
[abs.twimg.com/x-web/x-web/assets/upstream-diagnostics-Dl5xmqnQ.js]
[abs.twimg.com/x-web/x-web/assets/ensure-snowflake-id-zEJ9uGGp.js]
[abs.twimg.com/x-web/x-web/assets/matchContext-Dfy-4oqT.js]
[abs.twimg.com/x-web/x-web/assets/is-verified-crawler-CnJB5wT5.js]
[abs.twimg.com/x-web/x-web/assets/onboarding-modal-context-DiFUK9dz.js]
[abs.twimg.com/x-web/x-web/assets/use-store-redirect-uri-BkVY4wQJ.js]
[abs.twimg.com/x-web/x-web/assets/safe-redirect-2p_bFaHp.js]
[abs.twimg.com/x-web/x-web/assets/use-analytics-Ll9H4bVK.js]
[abs.twimg.com/x-web/x-web/assets/telemetry-jQU_Qess.js]
[abs.twimg.com/x-web/x-web/assets/session-storage-B1De9hdW.js]
[abs.twimg.com/x-web/x-web/assets/useNavigate-DxdMuSzE.js]
[abs.twimg.com/x-web/x-web/assets/search-_7WSXP-m.js]
[abs.twimg.com/x-web/x-web/assets/require-auth-B5z6-AJw.js]
[abs.twimg.com/x-web/x-web/assets/locale-BuF8ZJeP.js]
[abs.twimg.com/x-web/x-web/assets/meta-tags-DsGi2YMS.js]
[abs.twimg.com/x-web/x-web/assets/structured-data-BFoO3Rrd.js]
[abs.twimg.com/x-web/x-web/assets/use-back-navigation-C1j7iqlD.js]
[abs.twimg.com/x-web/x-web/assets/useCanGoBack-Z2oLQ_T9.js]
[abs.twimg.com/x-web/x-web/assets/lists-CTVahzBj.js]
[abs.twimg.com/x-web/x-web/assets/route-title-fj3CKhOg.js]
[abs.twimg.com/x-web/x-web/assets/fetch-query-VSytM5BQ.js]
[abs.twimg.com/x-web/x-web/assets/relay-runtime-DIGASQ0T.js]
[abs.twimg.com/x-web/x-web/assets/environment-BVw9wXza.js]
[abs.twimg.com/x-web/x-web/assets/fetcher-Bh9UpGCV.js]
[abs.twimg.com/x-web/x-web/assets/react-relay-JATgKMjy.js]
[abs.twimg.com/x-web/x-web/assets/lazyRouteComponent-BO9Mf0cm.js]
[abs.twimg.com/x-web/x-web/assets/useParams-D7EVMfbC.js]
[abs.twimg.com/x-web/x-web/assets/_followers-Da4qPrHo.js]
[abs.twimg.com/x-web/x-web/assets/require-auth-unless-crawler-Ctt-h1Jv.js]
[abs.twimg.com/x-web/x-web/assets/followers-CvB3MTZF.js]
[abs.twimg.com/x-web/x-web/assets/following-Bxd11Kzw.js]
[abs.twimg.com/x-web/x-web/assets/verified_followers--kC4G2Ub.js]
[abs.twimg.com/x-web/x-web/assets/_profile-DioB0Oxp.js]
[abs.twimg.com/x-web/x-web/assets/affiliates-6_ZLsPCc.js]
[abs.twimg.com/x-web/x-web/assets/highlights-V2ZGMeIz.js]
[abs.twimg.com/x-web/x-web/assets/_profile-uAN9Uug3.js]
[abs.twimg.com/x-web/x-web/assets/media-R6qreFFq.js]
[abs.twimg.com/x-web/x-web/assets/with_replies-Bd9VQXEC.js]
[abs.twimg.com/x-web/x-web/assets/_id-BRAClfIb.js]
[abs.twimg.com/x-web/x-web/assets/_communities--LSTUrVU.js]
[abs.twimg.com/x-web/x-web/assets/viewer-query-F0Ele7cl.js]
[abs.twimg.com/x-web/x-web/assets/is-logged-in-provider-DdPIgfVu.js]
[abs.twimg.com/x-web/x-web/assets/explore-vrRDNMPb.js]
[abs.twimg.com/x-web/x-web/assets/subscriptions-CVLf13_Y.js]
[abs.twimg.com/x-web/x-web/assets/header_photo-BoMC6dR-.js]
[abs.twimg.com/x-web/x-web/assets/photo-Di6yFl1Q.js]
[abs.twimg.com/x-web/x-web/assets/_engagements-DOHc1BGW.js]
[abs.twimg.com/x-web/x-web/assets/status-tweet-author-tC6OikPA.js]
[abs.twimg.com/x-web/x-web/assets/likes-Cm53gp40.js]
[abs.twimg.com/x-web/x-web/assets/quotes-DolJUpBJ.js]
[abs.twimg.com/x-web/x-web/assets/retweets-C7OuM4Ua.js]
[abs.twimg.com/x-web/x-web/assets/history-BbgblCUg.js]
[abs.twimg.com/x-web/x-web/assets/_id-BBSzA2mk.js]
[abs.twimg.com/x-web/x-web/assets/conversation-metadata-DU7C2SMS.js]
[abs.twimg.com/x-web/x-web/assets/_num-Bki_3-zZ.js]
[abs.twimg.com/x-web/x-web/assets/tweet-media-page-yJ27V-FU.js]
[abs.twimg.com/x-web/x-web/assets/tweet-results-C4rkSQdj.js]
[abs.twimg.com/x-web/x-web/assets/default-video-player-ui-DSnTwBfq.js]
[abs.twimg.com/x-web/x-web/assets/radio-group-B3Eyydvm.js]
[abs.twimg.com/x-web/x-web/assets/dist-pkom-SY7.js]
[abs.twimg.com/x-web/x-web/assets/dist-Bn41jPMH.js]
[abs.twimg.com/x-web/x-web/assets/dist-dQS6e4Tk.js]
[abs.twimg.com/x-web/x-web/assets/dist-BOF2v057.js]
[abs.twimg.com/x-web/x-web/assets/dist-BF0Tk307.js]
[abs.twimg.com/x-web/x-web/assets/dist-lQjssIqC.js]
[abs.twimg.com/x-web/x-web/assets/VisuallyHidden-DTHABLDS.js]
[abs.twimg.com/x-web/x-web/assets/icon-arrow-left-D8ukcXQW.js]
[abs.twimg.com/x-web/x-web/assets/icon-chevron-right-YnKhnGUV.js]
[abs.twimg.com/x-web/x-web/assets/icon-media-collapse-DDu87RgF.js]
[abs.twimg.com/x-web/x-web/assets/icon-play-DFwNynit.js]
[abs.twimg.com/x-web/x-web/assets/icon-reload-DvW5_iFG.js]
[abs.twimg.com/x-web/x-web/assets/icon-settings-stroke-BRXW5HKB.js]
[abs.twimg.com/x-web/x-web/assets/popover-sheet-DtmmNk0r.js]
[abs.twimg.com/x-web/x-web/assets/popover-DtDy-yhy.js]
[abs.twimg.com/x-web/x-web/assets/dist-CktUYNTG.js]
[abs.twimg.com/x-web/x-web/assets/floating-ui.react-dom-DFI8B8um.js]
[abs.twimg.com/x-web/x-web/assets/floating-ui.utils.dom-DhLJvde-.js]
[abs.twimg.com/x-web/x-web/assets/es2015-DlIXi1vc.js]
[abs.twimg.com/x-web/x-web/assets/dist-BrIQoyyd.js]
[abs.twimg.com/x-web/x-web/assets/dist-D9A370mg.js]
[abs.twimg.com/x-web/x-web/assets/use-media-query-WprNGLaf.js]
[abs.twimg.com/x-web/x-web/assets/hover-label-TdE8Y9UV.js]
[abs.twimg.com/x-web/x-web/assets/dist-Xg3jpr56.js]
[abs.twimg.com/x-web/x-web/assets/dist-BZ9DrswI.js]
[abs.twimg.com/x-web/x-web/assets/use-hover-0c1386Rr.js]
[abs.twimg.com/x-web/x-web/assets/video-Bsf3pua2.js]
[abs.twimg.com/x-web/x-web/assets/number-flow-V8F5uQ37.js]
[abs.twimg.com/x-web/x-web/assets/user-avatar-BUkz8efX.js]
[abs.twimg.com/x-web/x-web/assets/entity-text-Dl0QG0aT.js]
[abs.twimg.com/x-web/x-web/assets/current-user-id-CCDTvihw.js]
[abs.twimg.com/x-web/x-web/assets/user-badges-D510QfOb.js]
[abs.twimg.com/x-web/x-web/assets/Trans-DkYzByay.js]
[abs.twimg.com/x-web/x-web/assets/username-3RfUUjY2.js]
[abs.twimg.com/x-web/x-web/assets/icon-superfollows-3JTsv1aZ.js]
[abs.twimg.com/x-web/x-web/assets/icon-verified-BKA_QocY.js]
[abs.twimg.com/x-web/x-web/assets/avatar-DTYNSpQe.js]
[abs.twimg.com/x-web/x-web/assets/confirmation-modal-BwHZcNLO.js]
[abs.twimg.com/x-web/x-web/assets/dialog-BOBQA5yf.js]
[abs.twimg.com/x-web/x-web/assets/icon-close-y2-qukIV.js]
[abs.twimg.com/x-web/x-web/assets/he-BE8MdlwG.js]
[abs.twimg.com/x-web/x-web/assets/dist-CCDgGckO.js]
[abs.twimg.com/x-web/x-web/assets/create-lazy-BStq573z.js]
[abs.twimg.com/x-web/x-web/assets/error-boundary-D_l73op4.js]
[abs.twimg.com/x-web/x-web/assets/open-app-button-Dg_BQ2sV.js]
[abs.twimg.com/x-web/x-web/assets/constants-pQdvJa68.js]
[abs.twimg.com/x-web/x-web/assets/get-app-store-url-D8598J9-.js]
[abs.twimg.com/x-web/x-web/assets/matches-ios-ByQEHaqN.js]
[abs.twimg.com/x-web/x-web/assets/create-check-DRoC5jnF.js]
[abs.twimg.com/x-web/x-web/assets/is-mobile-Cdz9Zmhv.js]
[abs.twimg.com/x-web/x-web/assets/use-is-hydrated-VAIWWEXI.js]
[abs.twimg.com/x-web/x-web/assets/use-location-CUu2BMAw.js]
[abs.twimg.com/x-web/x-web/assets/viewer-D5VnEsS_.js]
[abs.twimg.com/x-web/x-web/assets/is-twitter-app-DWYslfjp.js]
[abs.twimg.com/x-web/x-web/assets/broadcast-card-C5ZPhGux.js]
[abs.twimg.com/x-web/x-web/assets/index-DMz3PYP3.js]
[abs.twimg.com/x-web/x-web/assets/image-with-fallback-BzJCZW3-.js]
[abs.twimg.com/x-web/x-web/assets/user-display-name-sDcvGKW0.js]
[abs.twimg.com/x-web/x-web/assets/user-screen-name-B1KCo0a0.js]
[abs.twimg.com/x-web/x-web/assets/use-stale-fetch-key-BnLdbd9R.js]
[abs.twimg.com/x-web/x-web/assets/intercept-container-BF8JWE2g.js]
[abs.twimg.com/x-web/x-web/assets/asset-header-j94B8XQG.js]
[abs.twimg.com/x-web/x-web/assets/middot-DurrEgqA.js]
[abs.twimg.com/x-web/x-web/assets/url-card-C3VB2QgR.js]
[abs.twimg.com/x-web/x-web/assets/get-video-url-y4DjoZZ_.js]
[abs.twimg.com/x-web/x-web/assets/timeline-rich-text-DyhxNd3Y.js]
[abs.twimg.com/x-web/x-web/assets/icon-arrow-right-B-tApRcQ.js]
[abs.twimg.com/x-web/x-web/assets/icon-bar-chart-CXbeKeeO.js]
[abs.twimg.com/x-web/x-web/assets/icon-replies-stroke--iQuhUPf.js]
[abs.twimg.com/x-web/x-web/assets/icon-bookmark-stroke-DA4BCTbi.js]
[abs.twimg.com/x-web/x-web/assets/icon-bookmark-BzfLe4pQ.js]
[abs.twimg.com/x-web/x-web/assets/icon-pin-stroke-C9sUeN8U.js]
[abs.twimg.com/x-web/x-web/assets/icon-checkmark-circle-fill-DSBfbYPM.js]
[abs.twimg.com/x-web/x-web/assets/icon-chevron-left-BoZILhmv.js]
[abs.twimg.com/x-web/x-web/assets/icon-communities-9RX7iR2j.js]
[abs.twimg.com/x-web/x-web/assets/icon-follow-BinWMvyW.js]
[abs.twimg.com/x-web/x-web/assets/icon-retweet-stroke-DaUxzkNI.js]
[abs.twimg.com/x-web/x-web/assets/icon-heart-DAVfb8g8.js]
[abs.twimg.com/x-web/x-web/assets/icon-trashcan-stroke-DFeWHv5j.js]
[abs.twimg.com/x-web/x-web/assets/icon-link-DwV4e6eD.js]
[abs.twimg.com/x-web/x-web/assets/icon-lists-stroke-DHAi9DtY.js]
[abs.twimg.com/x-web/x-web/assets/icon-more--HcoK9ve.js]
[abs.twimg.com/x-web/x-web/assets/icon-outgoing-Cho87wjQ.js]
[abs.twimg.com/x-web/x-web/assets/icon-people-crowd-stroke-CB1g0i3x.js]
[abs.twimg.com/x-web/x-web/assets/icon-person-CxOudAes.js]
[abs.twimg.com/x-web/x-web/assets/icon-safety-Cm-nGq0E.js]
[abs.twimg.com/x-web/x-web/assets/icon-speaker-off-BOEe9CEO.js]
[abs.twimg.com/x-web/x-web/assets/icon-twitter-gFQlERp4.js]
[abs.twimg.com/x-web/x-web/assets/icon-xchat-stroke-OB4Wk4f0.js]
[abs.twimg.com/x-web/x-web/assets/hooks-C95Oqt_T.js]
[abs.twimg.com/x-web/x-web/assets/action-menu-B5vAWRS2.js]
[abs.twimg.com/x-web/x-web/assets/media-viewer-CZN-oQcS.js]
[abs.twimg.com/x-web/x-web/assets/icon-arrow-down-n-vMfZtn.js]
[abs.twimg.com/x-web/x-web/assets/timestamp-BA0ismJh.js]
[abs.twimg.com/x-web/x-web/assets/tweet-result-by-id-Doemn4xZ.js]
[abs.twimg.com/x-web/x-web/assets/provider-CCcU6qTC.js]
[abs.twimg.com/x-web/x-web/assets/context-BSetY3ue.js]
[abs.twimg.com/x-web/x-web/assets/tweet-media-viewer-BCee8ROL.js]
[abs.twimg.com/x-web/x-web/assets/timeline-fallback-D1X5MayM.js]
[abs.twimg.com/x-web/x-web/assets/with_comments-C0FCquJJ.js]
[abs.twimg.com/x-web/x-web/assets/_num-BS08qYpz.js]
[abs.twimg.com/x-web/x-web/assets/download-COqISPov.js]
[abs.twimg.com/x-web/x-web/assets/explore-CtjDvhqE.js]
[abs.twimg.com/x-web/x-web/assets/_tag-BChecfqG.js]
[abs.twimg.com/x-web/x-web/assets/seo-search-head-CV7-2S9h.js]
[abs.twimg.com/x-web/x-web/assets/_id-CvUBicEs.js]
[abs.twimg.com/x-web/x-web/assets/_broadcastId-vkdv8Wog.js]
[abs.twimg.com/x-web/x-web/assets/_id-BjLAFlTZ.js]
[abs.twimg.com/x-web/x-web/assets/_id-DjteAwea.js]
[abs.twimg.com/x-web/x-web/assets/_folderId-DJ_uq647.js]
[abs.twimg.com/x-web/x-web/assets/bookmarks-BiMm3vKo.js]
[abs.twimg.com/x-web/x-web/assets/_broadcastId-CyRyrYz0.js]
[abs.twimg.com/x-web/x-web/assets/_insightId-D9v8iQM6.js]
[abs.twimg.com/x-web/x-web/assets/_token-DzUVTIc7.js]
[abs.twimg.com/x-web/x-web/assets/_mode-CUdrM56B.js]
[abs.twimg.com/x-web/x-web/assets/_people-CG1S2Kc7.js]
[abs.twimg.com/x-web/x-web/assets/_community-eSunjc87.js]
[abs.twimg.com/x-web/x-web/assets/_community-CVA0yuLJ.js]
[abs.twimg.com/x-web/x-web/assets/latest-CB7DFss8.js]
[abs.twimg.com/x-web/x-web/assets/media-D3900IDd.js]
[abs.twimg.com/x-web/x-web/assets/members-D88Gf7vG.js]
[abs.twimg.com/x-web/x-web/assets/moderators-1lISK3Zp.js]
[abs.twimg.com/x-web/x-web/assets/_eventId-DyhGAnzb.js]
[abs.twimg.com/x-web/x-web/assets/onboarding-link-DAEAt_to.js]
[abs.twimg.com/x-web/x-web/assets/_-De3WB_N9.js]
[abs.twimg.com/x-web/x-web/assets/news-Cwf65Alp.js]
[abs.twimg.com/x-web/x-web/assets/home-CokERTnf.js]
[abs.twimg.com/x-web/x-web/assets/_id-CukBOGZX2.js]
[abs.twimg.com/x-web/x-web/assets/_id-yiM_4A5W.js]
[abs.twimg.com/x-web/x-web/assets/_-CDfe5qPD.js]
[abs.twimg.com/x-web/x-web/assets/onboarding-B3XAgtcb.js]
[abs.twimg.com/x-web/x-web/assets/web-DEz6GiX0.js]
[abs.twimg.com/x-web/x-web/assets/_listId-ZPiDYLuk.js]
[abs.twimg.com/x-web/x-web/assets/ocf_arkose_challenge-C68JuNkL.js]
[abs.twimg.com/x-web/x-web/assets/_insightId-B4zMFgKW.js]
[abs.twimg.com/x-web/x-web/assets/redirect-DjtycUEV.js]
[abs.twimg.com/x-web/x-web/assets/detail-Cgdx0iRY.js]
[abs.twimg.com/x-web/x-web/assets/peek-NOKjchEv.js]
[abs.twimg.com/x-web/x-web/assets/_id-B-TvhzhS.js]
[abs.twimg.com/x-web/x-web/assets/routes-dznnJNn-.js]
[abs.twimg.com/x-web/x-web/assets/logout-BLZ3h8a7.js]
[abs.twimg.com/x-web/x-web/assets/search-D4NEYBTs.js]
[abs.twimg.com/x-web/x-web/assets/dropdown-menu-6eEVu5Jh.js]
[abs.twimg.com/x-web/x-web/assets/Match-ez_jwm4c.js]
[abs.twimg.com/x-web/x-web/assets/Matches-C_cysD_u.js]
[abs.twimg.com/x-web/x-web/assets/useLocation-a5xAkCGS.js]
[abs.twimg.com/x-web/x-web/assets/client-only-D1I5ynGF.js]
[abs.twimg.com/x-web/x-web/assets/empty-state-BMRMz7RT.js]
[abs.twimg.com/x-web/x-web/assets/toast-D0AKTllj.js]
[abs.twimg.com/x-web/x-web/assets/use-theme-CaSKIHe3.js]
[abs.twimg.com/x-web/x-web/assets/sidebar-context-Cth2cuVt.js]
[abs.twimg.com/x-web/x-web/assets/mobile-top-bar-IbmS5jDH.js]
[abs.twimg.com/x-web/x-web/assets/sidebar-button-styles-DAIcvAvR.js]
[abs.twimg.com/x-web/x-web/assets/icon-verified-stroke-Wq7bPwLn.js]
[abs.twimg.com/x-web/x-web/assets/icon-exiting-Dv_ffU3N.js]
[abs.twimg.com/x-web/x-web/assets/icon-logo-apple-DoDh-11M.js]
[abs.twimg.com/x-web/x-web/assets/icon-person-stroke-BvSxSW32.js]
[abs.twimg.com/x-web/x-web/assets/icon-plus-DEnrifRq.js]
[abs.twimg.com/x-web/x-web/assets/icon-promoted-pill-stroke-C4XQ4Zmn.js]
[abs.twimg.com/x-web/x-web/assets/icon-search-BBibsmym.js]
[abs.twimg.com/x-web/x-web/assets/icon-x-5sTGDI0m.js]
[abs.twimg.com/x-web/x-web/assets/icon-xmoney-DCx8j5TT.js]
[abs.twimg.com/x-web/x-web/assets/local-storage-BabYQEUi.js]
[abs.twimg.com/x-web/x-web/assets/use-search-params-Cw5O3btz.js]
[abs.twimg.com/x-web/x-web/assets/layout-Bt2JFLem.js]
[abs.twimg.com/x-web/x-web/assets/input-CmxfRNTg.js]
[abs.twimg.com/x-web/x-web/assets/external-referer-BSiM8x2z.js]
[abs.twimg.com/x-web/x-web/assets/cookies-DIr0sPuY.js]
[abs.twimg.com/x-web/x-web/assets/is-external-relative-path-Bg0GQ-_N.js]
[abs.twimg.com/x-web/x-web/assets/consent-signal-util-QBZp60CL.js]
[abs.twimg.com/x-web/x-web/assets/use-cookie-preference-state-DPs2pWGW.js]
[abs.twimg.com/x-web/x-web/assets/icon-logo-google-y8oUE9S0.js]
[abs.twimg.com/x-web/x-web/assets/appleLocale-w00QlK7T.js]
[abs.twimg.com/x-web/x-web/assets/en-DTFBpZxK.js]
[abs.twimg.com/x-web/x-web/assets/en-HUNhaNLV.js]
[x.com/lamrinunivd6cc.html]
[x.com/lamrinuniv5caa.html]
[x.com/lamrinuniv1f03.html]
[x.com/lamrinunivbbc9.html]
[x.com/lamrinuniva35d.html]
[x.com/lamrinuniv7b3f.html]
[x.com/lamrinunivc423.html]
[x.com/lamrinuniv3322.html]
[x.com/lamrinuniv4bed.html]
[x.com/lamrinuniv9ed2.html]
[x.com/lamrinuniva4c9.html]
[x.com/lamrinunivc69a.html]
[x.com/lamrinunivad9c.html]
[x.com/lamrinunive6ac.html]
[x.com/lamrinuniv5720.html]
[x.com/lamrinuniv02d7.html]
[x.com/lamrinunive68f.html]
[x.com/lamrinuniv5242.html]
[x.com/lamrinuniv4240.html]
[x.com/lamrinuniv7d5b.html]
[x.com/lamrinuniv64f4.html]
[x.com/lamrinunivef8e.html]
[x.com/lamrinuniv1ebe.html]
[x.com/lamrinuniva30c.html]
[x.com/lamrinuniv9bb4.html]
[x.com/lamrinunivcf53.html]
[x.com/lamrinunivc9e6.html]
[x.com/lamrinuniv21c9.html]
[x.com/lamrinuniv7542.html]
[x.com/lamrinunivc203.html]
[x.com/lamrinuniv99dc.html]
[x.com/lamrinunivcdb1.html]
[x.com/lamrinuniv99a6.html]
[x.com/lamrinuniv6bf8.html]
[x.com/lamrinuniv923c.html]
[x.com/lamrinuniv0b5e.html]
[x.com/lamrinuniv2139.html]
[x.com/lamrinuniv08c7.html]
[x.com/lamrinuniv6e27.html]
[x.com/lamrinuniv9e93.html]
[x.com/lamrinuniv880d.html]
[x.com/lamrinunivcc5a.html]
[x.com/lamrinuniv2296.html]
[x.com/lamrinuniv9277.html]
[x.com/lamrinunive034.html]
[x.com/lamrinuniv3454.html]
[x.com/lamrinuniv42d0.html]
[abs.twimg.com/x-web/x-web/assets/styles-BypAblh3.css]
[abs.twimg.com/x-web/x-web/entry-client-logged-out-CUwTK3QY.js]
[pbs.twimg.com/profile_images/2025941054978236416/I8OWWuSe_400x400.jpg]
[appleid.cdn-apple.com/appleauth/static/jsapi/appleid/1/en_US/appleid.auth.js]
[x.com/lamrinuniv.html]
[scontent.cdninstagram.com/v/t51.82787-19/640069439_18050743229687573_3346496342720487437_ndfd3.jpg]
[www.instagram.com/lamrintechskillsuniversity/indexfef7.html]
[www.instagram.com/lamrintechskillsuniversity/index7d7c.html]
[www.instagram.com/lamrintechskillsuniversity/indexa209.html]
[www.instagram.com/lamrintechskillsuniversity/indexde3a.html]
[www.instagram.com/lamrintechskillsuniversity/index0016.html]
[static.cdninstagram.com/rsrc.php/v4/yN/r/FeEn-PwhFEI.js]
[www.instagram.com/lamrintechskillsuniversity/indexf854.html]
[www.instagram.com/lamrintechskillsuniversity/index0b8e.html]
[static.cdninstagram.com/rsrc.php/v4i2o94/y4/l/en_US/jfDS4QErzE2RNaFkNqV8N6oDdRtOv2eeV5KV40oJSIU3rhZHYurqAvm6TQz5FNjpF9J9PyfkrXO5EunEa2nXwMos.js]
[www.instagram.com/lamrintechskillsuniversity/index9e29.html]
[www.instagram.com/lamrintechskillsuniversity/index232e.html]
[static.cdninstagram.com/rsrc.php/v4/yK/r/CmeMUVc-I63.js]
[www.instagram.com/lamrintechskillsuniversity/index28b7.html]
[www.instagram.com/lamrintechskillsuniversity/index6dd3.html]
[static.cdninstagram.com/rsrc.php/v4igys4/yJ/l/en_US/e83ZJGvEqzZ.js]
[www.instagram.com/lamrintechskillsuniversity/indexc581.html]
[www.instagram.com/lamrintechskillsuniversity/index539c.html]
[static.cdninstagram.com/rsrc.php/v4/yU/r/CKKoD8n6EQB.js]
[www.instagram.com/lamrintechskillsuniversity/indexecc8.html]
[www.instagram.com/lamrintechskillsuniversity/index014b.html]
[www.instagram.com/lamrintechskillsuniversity/indexdc29.html]
[www.instagram.com/lamrintechskillsuniversity/indexaaeb.html]
[www.instagram.com/lamrintechskillsuniversity/theaustralian.com.html]
[www.instagram.com/lamrintechskillsuniversity/index0cf2.html]
[www.instagram.com/lamrintechskillsuniversity/indexc91a.html]
[www.instagram.com/lamrintechskillsuniversity/news.com.html]
[www.instagram.com/lamrintechskillsuniversity/index4017.html]
[www.instagram.com/lamrintechskillsuniversity/index7c40.html]
[www.instagram.com/lamrintechskillsuniversity/index5a9d.html]
[www.instagram.com/lamrintechskillsuniversity/indexb2db.html]
[www.instagram.com/lamrintechskillsuniversity/kollosche.com.html]
[www.instagram.com/lamrintechskillsuniversity/index9201.html]
[www.instagram.com/lamrintechskillsuniversity/awstrack.html]
[www.instagram.com/lamrintechskillsuniversity/index1672.html]
[www.instagram.com/lamrintechskillsuniversity/index5083.html]
[www.instagram.com/lamrintechskillsuniversity/index7a92.html]
[www.instagram.com/lamrintechskillsuniversity/bKhrCM.html]
[www.instagram.com/lamrintechskillsuniversity/indexc13b.html]
[www.instagram.com/lamrintechskillsuniversity/index9e3e.html]
[www.instagram.com/lamrintechskillsuniversity/wYfCDj.html]
[www.instagram.com/lamrintechskillsuniversity/index9841.html]
[www.instagram.com/lamrintechskillsuniversity/indexd294.html]
[www.instagram.com/lamrintechskillsuniversity/8TxZ9M.html]
[www.instagram.com/lamrintechskillsuniversity/index0f5d.html]
[www.instagram.com/lamrintechskillsuniversity/indexad0b.html]
[www.instagram.com/lamrintechskillsuniversity/indexdb1e.html]
[www.instagram.com/lamrintechskillsuniversity/index5303.html]
[www.instagram.com/lamrintechskillsuniversity/lQLYdI.html]
[static.cdninstagram.com/rsrc.php/v5/ye/l/0,cross/INo4NOwV14suE_3eSRfBN2HTDb5AtLODc.css]
[www.instagram.com/lamrintechskillsuniversity/index.html]
[www.instagram.com/lamrintechskillsuniversity/indexe9b2.html]
[www.instagram.com/lamrintechskillsuniversity/indexff11.html]
[www.instagram.com/lamrintechskillsuniversity/indexf857.html]
[www.youtube.com/s/desktop/6740ecb6/img/favicon.ico]
[www.youtube.com/s/desktop/6740ecb6/img/favicon_32x32.png]
[www.youtube.com/s/desktop/6740ecb6/img/favicon_48x48.png]
[www.youtube.com/s/desktop/6740ecb6/img/favicon_96x96.png]
[www.youtube.com/s/desktop/6740ecb6/img/favicon_144x144.png]
[www.youtube.com/s/desktop/6740ecb6/jsbin/web-animations-next-lite.min.vflset/web-animations-next-lite.min.js]
[www.youtube.com/s/desktop/6740ecb6/jsbin/webcomponents-all-noPatch.vflset/webcomponents-all-noPatch.js]
[www.youtube.com/s/desktop/6740ecb6/jsbin/fetch-polyfill.vflset/fetch-polyfill.js]
[www.instagram.com/lamrintechskillsuniversity/android-app_/com.instagram.android/https/instagram.com/_u/lamrintechskillsuniversity/index.html]
[static.cdninstagram.com/rsrc.php/v5/yJ/l/0,cross/B9ld-KE6FtQUaoT2FaDVy5J-N-Fq2ImPk3RRtlPSISmcfgQe914iiBfONMKn3YhINqWZU1pNueVMtU49pVNahkCkQvuWABIjhhRs97xFZK--hBruhB]
[static.cdninstagram.com/rsrc.php/v4ifO84/yz/l/en_US/0_uye9hpj8kFzxWQ1nbfumsKccu9W56kfhJ0_zTIFHzNsxUXkkh5sk-sUol2rgS5jxN1zZYCP6XGHx2lybohZNvqTphY7ErUWC3A2WOaL8mPRA8]
[www.youtube.com/s/desktop/6740ecb6/jsbin/intersection-observer.min.vflset/intersection-observer.min.js]
[static.cdninstagram.com/rsrc.php/v4i_Sf4/yo/l/en_US/3nD87qmA-YXfAozIMNFBkkGf4mtTXftG89ee6FkbS72cVA9yiwOeigAXi6rgVsZi9Dn_LdtrAzRJjhvwT5xVFoJOnXSHY8j-awR9f5OOy-5gC26]
[www.youtube.com/s/desktop/6740ecb6/jsbin/scheduler.vflset/scheduler.js]
[static.cdninstagram.com/rsrc.php/v4iSnB4/yr/l/en_US/9zv8DXABW59K3Sm-3uUy0slDige_jOHEeGVe9yHaMZtsg5OwA0Xjn48bImAU9M2rPYb3P5S0L7YhYWYGRjoUCth0dt3il7nLMkt1_6JzUjYGF5i]
[static.cdninstagram.com/rsrc.php/v4iauQ4/yi/l/en_US/T27E5sqpfRYbSPrExX-46asT0LYoJUyMNnkLQ_TDvFwR02C5G8jxARJs0t49euVP9bZwreMs3IAF5i8vo5FpGI9DVX_WgGDn2kY6DE_LUl6KPzM]
[www.youtube.com/s/desktop/6740ecb6/jsbin/www-i18n-constants-en_US.vflset/www-i18n-constants.js]
[www.youtube.com/s/desktop/6740ecb6/jsbin/spf.vflset/spf.js]
[www.youtube.com/s/desktop/6740ecb6/jsbin/network.vflset/network.js]
[www.youtube.com/opensearch97fa]
[www.youtube.com/manifest.webmanifest]
[www.youtube.com/feeds/videosdff7.xml]
[www.youtube.com/channel/android-app_/com.google.android.youtube/http/www.youtube.com/channel/UCa-hPFUL3DypAk87S80eNwg.2d5.delayed]
[www.youtube.com/channel/ios-app_/544007664/vnd.youtube/www.youtube.com/channel/UCa-hPFUL3DypAk87S80eNwg.2d7.delayed]
[www.youtube.com/t/terms.html]
[www.youtube.com/index.html]
[www.youtube.com/t/contact_us/index.html]
[www.youtube.com/ads/index.html]
[www.youtube.com/creators/index.html]
[www.youtube.com/howyoutubeworks/indexd320.html]
[www.youtube.com/new.html]
[www.youtube.com/channel/UCa-hPFUL3DypAk87S80eNwg.html]
[www.youtube.com/s/_/ytmainappweb/_/js/k=ytmainappweb.kevlar_base.en_US.lMdjITFD_rE.es/am=AAAAAAgABIDE/d=1/rs=AGKMywHOsiTxzZ1aL9h_zrd3XZGrjV/m=kevlar_base_module,ke]
[www.linkedin.com/uas/mainBundleCdnUrl, location.href]
[www.linkedin.com/uas/importMapBundleCdnUrl, location.href]
[static.licdn.com/aero-v1/sc/h/assets/D12dQmXF.css]
[static.licdn.com/aero-v1/sc/h/assets/kuu7tUnu.js]
[static.licdn.com/aero-v1/sc/h/assets/DUsWKvhH.js]
[static.licdn.com/aero-v1/sc/h/assets/CoFIYgbG.js]
[static.licdn.com/aero-v1/sc/h/assets/Com_V5qT.js]
[static.licdn.com/aero-v1/sc/h/assets/Bohgd66d.js]
[static.licdn.com/aero-v1/sc/h/assets/CDw0frty.js]
[static.licdn.com/aero-v1/sc/h/assets/DD2NuOW7.js]
[static.licdn.com/aero-v1/sc/h/assets/BqMatYJV.js]
[static.licdn.com/aero-v1/sc/h/assets/B5BL-RZl.js]
[static.licdn.com/aero-v1/sc/h/assets/tiA4DaFG.js]
[static.licdn.com/aero-v1/sc/h/assets/B4OCqvzw.js]
[static.licdn.com/aero-v1/sc/h/assets/DKdxk7ug.js]
[static.licdn.com/aero-v1/sc/h/assets/BJRiavY-.js]
[static.licdn.com/aero-v1/sc/h/assets/BdoWxB0y.js]
[www.linkedin.com/uas/login5b0c.html]
[www.ltsu.ac.in/assets/frontend/images/page-banner/page_banner_library.jpg]
[www.ltsu.ac.in/assets/frontend/images/international.jpg]
[www.ltsu.ac.in/assets/frontend/js/form-validator.min.js]
[www.ltsu.ac.in/assets/frontend/js/contact-form-script.js]
[www.ltsu.ac.in/international.html]
[cdnjs.cloudflare.com/ajax/libs/slick-carousel/1.9.0/slick.min.js]
[code.jquery.com/jquery-3.3.1.min.js]
[api.whatsapp.com/send7117.html]
[api.whatsapp.com/data/manifest.2f6.delayed]
[static.whatsapp.net/rsrc.php/v5/yH/l/0,cross/_jfkUskf2-v.css]
[static.whatsapp.net/rsrc.php/v5/yC/l/0,cross/xrjHXSahrJo.css]
[static.whatsapp.net/rsrc.php/v5/yn/l/0,cross/iWbl3o1C0Eb.css]
[static.whatsapp.net/rsrc.php/v4/yw/r/UCko3uPWqVC.js]
[x.com/whatsapp.html]
[www.youtube.com/channel/UCAuerig2N-RZWJT8x75V9yw.html]
[api.whatsapp.com/send--sanitized-S228802--8526]
[www.facebook.com/WhatsApp/index.html]
[api.whatsapp.com/send--sanitized-S228802--fb3d]
[api.whatsapp.com/send--sanitized-S228802--9bb4]
[api.whatsapp.com/send--sanitized-S228802--99dc]
[api.whatsapp.com/send--sanitized-S228802--a35d]
[api.whatsapp.com/send--sanitized-S228802--7b3f]
[api.whatsapp.com/send--sanitized-S228802--c423]
[api.whatsapp.com/send--sanitized-S228802--3322]
[api.whatsapp.com/send--sanitized-S228802--91b9]
[api.whatsapp.com/send--sanitized-S228802--c69a]
[api.whatsapp.com/send--sanitized-S228802--e68f]
[api.whatsapp.com/send--sanitized-S228802--5242]
[api.whatsapp.com/send--sanitized-S228802--1ebe]
[api.whatsapp.com/send--sanitized-S228802--cf53]
[api.whatsapp.com/send--sanitized-S228802--c249]
[api.whatsapp.com/send--sanitized-S228802--1ff0]
[api.whatsapp.com/send--sanitized-S228802--bd5a]
[api.whatsapp.com/send--sanitized-S228802--a30c]
[api.whatsapp.com/send--sanitized-S228802--cdb1]
[api.whatsapp.com/send--sanitized-S228802--2bc7]
[api.whatsapp.com/send--sanitized-S228802--1268]
[api.whatsapp.com/send--sanitized-S228802--9ff7]
[api.whatsapp.com/send--sanitized-S228802--6bf8]
[api.whatsapp.com/send--sanitized-S228802--923c]
[api.whatsapp.com/send--sanitized-S228802--c9bf]
[api.whatsapp.com/send--sanitized-S228802--0b5e]
[api.whatsapp.com/send--sanitized-S228802--69cd]
[api.whatsapp.com/send--sanitized-S228802--08c7]
[api.whatsapp.com/send--sanitized-S228802--7c4b]
[api.whatsapp.com/send--sanitized-S228802--5720]
[api.whatsapp.com/send--sanitized-S228802--9e93]
[api.whatsapp.com/send--sanitized-S228802--e034]
[api.whatsapp.com/send--sanitized-S228802--2296]
[api.whatsapp.com/send--sanitized-S228802--4bed]
[api.whatsapp.com/send--sanitized-S228802--1f03]
[api.whatsapp.com/send--sanitized-S228802--f59f]
[api.whatsapp.com/send--sanitized-S228802--a908]
[api.whatsapp.com/send--sanitized-S228802--2139]
[api.whatsapp.com/send--sanitized-S228802--6e27]
[api.whatsapp.com/send--sanitized-S228802--9277]
[api.whatsapp.com/send--sanitized-S228802--64f4]
[api.whatsapp.com/send--sanitized-S228802--d6cc]
[api.whatsapp.com/send--sanitized-S228802--e6ac]
[api.whatsapp.com/send--sanitized-S228802--add9]
[api.whatsapp.com/send--sanitized-S228802--bbc9]
[api.whatsapp.com/send--sanitized-S228802--ef8e]
[api.whatsapp.com/send--sanitized-S228802--7d5b]
[api.whatsapp.com/send--sanitized-S228802--21c9]
[api.whatsapp.com/send--sanitized-S228802--c203]
[api.whatsapp.com/send--sanitized-S228802--f87d]
[api.whatsapp.com/send--sanitized-S228802--880d]
[api.whatsapp.com/send--sanitized-S228802--21ad]
[api.whatsapp.com/send--sanitized-S228802--2b51]
[api.whatsapp.com/send--sanitized-S228802--cc5a]
[api.whatsapp.com/send--sanitized-S228802--3454]
[api.whatsapp.com/send--sanitized-S228802--9212]
[api.whatsapp.com/send--sanitized-S228802--b6cc]
[api.whatsapp.com/send--sanitized-S228802--c9e6]
[api.whatsapp.com/send--sanitized-S228802--7542]
[pps.whatsapp.net/v/t61.24694-24/file4fbb.enc]
[api.whatsapp.com/sIXck9]
[api.whatsapp.com/LYq]
[api.whatsapp.com/SxPyyJ]
[static.whatsapp.net/rsrc.php/v4/yW/r/Zmg41SHO3Rp.js]
[static.whatsapp.net/rsrc.php/v4/ya/r/AqNbJeuXDn-.js]
[api.whatsapp.com/sendeb9a.html]
[www.ltsu.ac.in/assets/frontend/pdf/Approval_govt_of_punjab.pdf]
[www.ltsu.ac.in/assets/frontend/pdf/IDP.pdf]
[www.ltsu.ac.in/assets/frontend/pdf/annual_report_ltsu.pdf]
[www.ltsu.ac.in/assets/frontend/pdf/BS_2025.pdf]
[www.ltsu.ac.in/dean-academics-affairs.html]
[www.ltsu.ac.in/assets/frontend/pdf/Faculty_List.pdf]
[www.ltsu.ac.in/assets/frontend/pdf/NSS_Units_Allocation-202526.pdf]
[www.ltsu.ac.in/assets/frontend/pdf/POSH-committee_c.pdf]
[www.ltsu.ac.in/assets/frontend/pdf/LTSU_Telephone_Directory.pdf]
[www.ltsu.ac.in/mandatory-disclosure.html]
[track.nopaperforms.com/js/track.js]
[www.ltsu.ac.in/assets/frontend/images/apply-form-logo.png]
[www.ltsu.ac.in/assets/frontend/images/appynow.png]
[www.ltsu.ac.in/assets/frontend/images/LTSU-Set1.jpg]
[apply.ltsu.ac.in/scholarship-exam.html]
[www.ltsu.ac.in/assets/frontend/images/prog-70.png]
[www.ltsu.ac.in/university-school-of-sports-physical-education]
[www.ltsu.ac.in/apply-now.html]
[www.ltsu.ac.in/assets/frontend/images/aa.jpg]
[www.ltsu.ac.in/about-ltsu.html]
[www.ltsu.ac.in/assets/frontend/pdf/UGC_letter.pdf]
[www.ltsu.ac.in/assets/frontend/pdf/AIU_Membership_ltsu.pdf]
[www.ltsu.ac.in/assets/frontend/pdf/ltsu_NCVET.pdf]
[www.ltsu.ac.in/assets/frontend/pdf/ltsu_pci.pdf]
[www.ltsu.ac.in/assets/frontend/pdf/AICTE-Approval-Letter-for-All-Universities.pdf]
[www.ltsu.ac.in/approvals.html]
[www.ltsu.ac.in/assets/frontend/images/vision.jpg]
[www.ltsu.ac.in/assets/frontend/images/Mission.jpg]
[www.ltsu.ac.in/vision-mission.html]
[www.ltsu.ac.in/assets/frontend/images/iii.jpg]
[www.ltsu.ac.in/objectives.html]
[www.ltsu.ac.in/assets/frontend/images/page-background1.jpg]
[www.ltsu.ac.in/assets/frontend/images/ltsu_glance.png]
[www.ltsu.ac.in/ltsu-at-glance.html]
[www.ltsu.ac.in/assets/frontend/images/Piramid.png]
[www.ltsu.ac.in/assets/frontend/images/one.jpg]
[www.ltsu.ac.in/assets/frontend/images/car.jpg]
[www.ltsu.ac.in/assets/frontend/images/power.jpg]
[www.ltsu.ac.in/assets/frontend/images/qda.jpg]
[www.ltsu.ac.in/assets/frontend/images/aaqoi.jpg]
[www.ltsu.ac.in/our-academic-skilling-framework.html]
[www.ltsu.ac.in/assets/frontend/images/page-banner/leadership.jpg]
[www.ltsu.ac.in/assets/frontend/images/chancellor-secretariat1.png]
[www.ltsu.ac.in/chancellor-secretariat.html]
[www.ltsu.ac.in/assets/frontend/images/senior-officials.png]
[www.ltsu.ac.in/leadership-team.html]
[www.ltsu.ac.in/governing-body.html]
[www.ltsu.ac.in/senior-officials.html]
[www.ltsu.ac.in/images/page-background1.jpg]
[www.ltsu.ac.in/assets/frontend/pdf/Board-of-Management-2025-27.pdf]
[www.ltsu.ac.in/board-of-management.html]
[www.ltsu.ac.in/assets/frontend/pdf/Acadmic-Council-2025-27.pdf]
[www.ltsu.ac.in/academic-council.html]
[www.ltsu.ac.in/assets/frontend/pdf/posh-committee.pdf]
[www.ltsu.ac.in/assets/frontend/pdf/IQAC_2025-27.pdf]
[www.ltsu.ac.in/committees-office-orders.html]
[www.ltsu.ac.in/assets/frontend/images/chancellor.jpg]
[www.ltsu.ac.in/chancellor-message.html]
[www.ltsu.ac.in/assets/frontend/images/dr-a-s-chawla.png]
[www.ltsu.ac.in/assets/frontend/pdf/VC-R-D-Projects.pdf]
[www.ltsu.ac.in/assets/frontend/images/pdf-downloadn.png]
[www.ltsu.ac.in/assets/frontend/pdf/VC-TRAINING-CONSULTANCY.pdf]
[www.ltsu.ac.in/assets/frontend/pdf/VC-EXPERIENCE-IN-SUPERVISING-RESEARCH.pdf]
[www.ltsu.ac.in/assets/frontend/pdf/VC-List of Papers Published.pdf]
[www.ltsu.ac.in/assets/frontend/pdf/VC-WORKSHOPS-SUMMER-INSTITUTES.pdf]
[www.ltsu.ac.in/assets/frontend/pdf/VC-Industrial Linkage.pdf]
[www.ltsu.ac.in/vice-chancellor-message.html]
[www.ltsu.ac.in/assets/frontend/images/probssatyal.jpg]
[www.ltsu.ac.in/registrar-message.html]
[www.ltsu.ac.in/ibm.html]
[www.ltsu.ac.in/uset-vis-mis.html]
[www.ltsu.ac.in/assets/frontend/images/engg.jpg]
[www.facebook.com/people/Lamrin-University-School-Of-Engineering-And-Technology/61556627763054/indexcb09.html]
[x.com/USET144533.html]
[www.ltsu.ac.in/assets/frontend/images/Dr_H_P_S_Dhami.png]
[www.ltsu.ac.in/university-school-of-engineering.html]
[www.ltsu.ac.in/university-school-of-commerce-management.html]
[www.ltsu.ac.in/university-school-of-hotel-tourism-management.html]
[www.ltsu.ac.in/university-school-of-polytechnic.html]
[www.ltsu.ac.in/institute-of-pharmacy.html]
[www.ltsu.ac.in/university-school-of-allied-health-sciences.html]
[www.ltsu.ac.in/sggsjs-research-department.html]
[www.ltsu.ac.in/university-school-of-legal-studies.html]
[www.ltsu.ac.in/university-school-of-physical-education-sports.html]
[www.ltsu.ac.in/university-school-of-computing.html]
[www.ltsu.ac.in/lamrin-school-of-pharmaceutical-sciences.html]
[www.ltsu.ac.in/ucon.html]
[www.ltsu.ac.in/uslase.html]
[www.ltsu.ac.in/usbw.html]
[www.ltsu.ac.in/usd.html]
[www.ltsu.ac.in/campus-virtual-tour.html]
[www.ltsu.ac.in/admission-criteria.html]
[www.ltsu.ac.in/admission-policy.html]
[www.ltsu.ac.in/assets/frontend/pdf/fee-structure_2026-2027.html]
[www.ltsu.ac.in/assets/frontend/pdf/Hostel_fee_structure_2026-2027.html]
[www.ltsu.ac.in/refund-policy.html]
[www.ltsu.ac.in/scholarship.html]
[www.ltsu.ac.in/research-development.html]
[www.ltsu.ac.in/post-graduated-courses.html]
[www.ltsu.ac.in/graduated-courses.html]
[www.ltsu.ac.in/diploma-courses.html]
[www.ltsu.ac.in/certificate-courses.html]
[www.ltsu.ac.in/gov-projs.html]
[www.ltsu.ac.in/education-loan.html]
[www.ltsu.ac.in/assets/frontend/pdf/LTSUAdmission-AY2026-2027.html]
[www.ltsu.ac.in/blog/index.html]
[www.ltsu.ac.in/faqs-for-stud-education-loan.html]
[www.ltsu.ac.in/nocostemi.html]
[www.ltsu.ac.in/payafterplacement.html]
[www.youtube.com/embed/pBy1lytmaaw9067.html]
[lijmr.ltsu.ac.in/index.html]
[www.ltsu.ac.in/news.html]
[www.ltsu.ac.in/events.html]
[www.ltsu.ac.in/notices-circulars.html]
[www.ltsu.ac.in/newsletter.html]
[www.ltsu.ac.in/infrastructure.html]
[www.ltsu.ac.in/academic-facilities.html]
[www.ltsu.ac.in/campus-facilities.html]
[www.ltsu.ac.in/hostel-facilities.html]
[www.ltsu.ac.in/transport-facilities.html]
[www.ltsu.ac.in/residential-facilities.html]
[www.ltsu.ac.in/library.html]
[www.ltsu.ac.in/nss.html]
[www.ltsu.ac.in/sports.html]
[www.ltsu.ac.in/notices-circulars/students.html]
[www.ltsu.ac.in/student-welfare-services.html]
[erp.ltsu.in/favicon.ico]
[erp.ltsu.in/manifest.json]
[erp.ltsu.in/assets/libs/datatables.net-bs4/css/dataTables.bootstrap4.min.css]
[erp.ltsu.in/assets/libs/datatables.net-buttons-bs4/css/buttons.bootstrap4.min.css]
[erp.ltsu.in/assets/libs/datatables.net-select-bs4/css/select.bootstrap4.min.css]
[erp.ltsu.in/assets/libs/datatables.net-responsive-bs4/css/responsive.bootstrap4.min.css]
[erp.ltsu.in/student-portal/assets/libs/summernote/summernote-bs4.min.html]
[erp.ltsu.in/assets/css/bootstrap.min.css]
[erp.ltsu.in/assets/css/icons.min.css]
[erp.ltsu.in/assets/css/app.min.css]
[erp.ltsu.in/static/css/main.fd7c4a40.css]
[erp.ltsu.in/student-portal/assets/libs/jquery/jquery.min.html]
[erp.ltsu.in/static/js/main.88e6a608.js]
[erp.ltsu.in/student-portal/assets/libs/bootstrap/js/bootstrap.bundle.min.html]
[erp.ltsu.in/student-portal/assets/libs/metismenu/metisMenu.min.html]
[erp.ltsu.in/student-portal/assets/libs/simplebar/simplebar.min.html]
[erp.ltsu.in/student-portal/assets/libs/node-waves/waves.min.html]
[erp.ltsu.in/student-portal/assets/libs/summernote/summernote-bs4.min-2.html]
[erp.ltsu.in/student-portal/assets/libs/tinymce/tinymce.min.html]
[erp.ltsu.in/student-portal/assets/libs/datatables.net/js/jquery.dataTables.min.html]
[erp.ltsu.in/student-portal/assets/libs/datatables.net-bs4/js/dataTables.bootstrap4.min.html]
[erp.ltsu.in/student-portal/assets/libs/datatables.net-buttons/js/dataTables.buttons.min.html]
[erp.ltsu.in/student-portal/assets/libs/datatables.net-buttons-bs4/js/buttons.bootstrap4.min.html]
[erp.ltsu.in/student-portal/assets/libs/jszip/jszip.min.html]
[erp.ltsu.in/student-portal/assets/libs/pdfmake/build/pdfmake.min.html]
[erp.ltsu.in/student-portal/assets/libs/pdfmake/build/vfs_fonts.html]
[erp.ltsu.in/student-portal/assets/libs/datatables.net-buttons/js/buttons.colVis.min.html]
[erp.ltsu.in/student-portal/assets/libs/datatables.net-buttons/js/buttons.print.min.html]
[erp.ltsu.in/student-portal/assets/libs/datatables.net-buttons/js/buttons.flash.min.html]
[erp.ltsu.in/student-portal/assets/js/pages/form-editor.init.html]
[erp.ltsu.in/student-portal/assets/js/pages/datatables.init.html]
[erp.ltsu.in/student-portal/assets/js/pages/dashboard.init.html]
[erp.ltsu.in/student-portal/login.html]
[www.ltsu.ac.in/anti-ragging.html]
[www.ltsu.ac.in/esanad.html]
[erp.ltsu.in/student-portal/assets/js/app.html]
[nad.digilocker.gov.in/site.html]
[cdn.digilocker.gov.in/nad/v-22/assets/img/favicon-touch.png]
[cdn.digilocker.gov.in/nad/v-22/assets/css/bootstrap.min.css]
[cdn.digilocker.gov.in/nad/v-22/assets/css/fontawesome.min.css]
[cdn.digilocker.gov.in/nad/v-22/assets/css/default-v14.css]
[cdn.digilocker.gov.in/nad/assets/images/I_Flag.png]
[nad.digilocker.gov.in/customer_support.html]
[cdn.digilocker.gov.in/nad/assets/img/logo/NAD_Logo_indi.png]
[nad.digilocker.gov.in/academia.html]
[nad.digilocker.gov.in/students.html]
[nad.digilocker.gov.in/Verifier.html]
[nad.digilocker.gov.in/resource-center.html]
[nad.digilocker.gov.in/teacher.html]
[nad.digilocker.gov.in/sports.html]
[nad.digilocker.gov.in/skill.html]
[nad.digilocker.gov.in/nss.html]
[nad.digilocker.gov.in/iica.html]
[nad.digilocker.gov.in/assessment-body.html]
[nad.digilocker.gov.in/signon.html]
[nad.digilocker.gov.in/info.html]
[nad.digilocker.gov.in/about.html]
[nad.digilocker.gov.in/faq.html]
[nad.digilocker.gov.in/statistics.html]
[nad.digilocker.gov.in/circulars.html]
[nad.digilocker.gov.in/privacy-policy.html]
[nad.digilocker.gov.in/recordsbyyear.html]
[nad.digilocker.gov.in/copyright.html]
[cdn.digilocker.gov.in/nad/assets/images/nad-logo.png]
[nad.digilocker.gov.in/user_manual.html]
[cdn.digilocker.gov.in/nad/v-22/assets/img/nad hero.png]
[nad.digilocker.gov.in/ranking.html]
[cdn.digilocker.gov.in/nad/assets/video/abc_video_new_thumbnail.png]
[cdn.digilocker.gov.in/nad/assets/images/VC_1.png]
[cdn.digilocker.gov.in/nad/v-22/assets/img/NAD Logo White.png]
[nad.digilocker.gov.in/copyright-2.html]
[cdn.digilocker.gov.in/nad/v-22/assets/img/Digital India Logo White.png]
[cdn.digilocker.gov.in/nad/v-22/assets/js/jquery.min.js]
[cdn.digilocker.gov.in/nad/assets/js/popper.min.js]
[cdn.digilocker.gov.in/nad/v-22/assets/js/bootstrap.min.js]
[cdn.digilocker.gov.in/nad/v-22/assets/js/main.js]
[cdn.digilocker.gov.in/nad/assets/js/anno.js]
[cdn.ux4g.gov.in/tools/accessibility-widget.js]
[www.gstatic.com/firebasejs/7.23.0/firebase-app.js]
[www.gstatic.com/firebasejs/7.23.0/firebase-analytics.js]
[nad.digilocker.gov.in/nad_app/src_code/assets/js/firebase-init.html]
[nad.digilocker.gov.in/index.html]
[pay.jodo.in/favicon.png]
[pay.jodo.in/polyfill.mine42d.js]
[pay.jodo.in/assets/index-Zx9f4b1h.js]
[ebz-static.s3.ap-south-1.amazonaws.com/easecheckout/v2.0.0/easebuzz-checkout-v2.min.js]
[pay.jodo.in/pages/7Wwawt9NEgY8Dxk8.html]
[www.ltsu.ac.in/how-to-reach-ltsu.html]
[www.ltsu.ac.in/contact-us.html]
[www.ltsu.ac.in/job-opportunities.html]
[www.ltsu.ac.in/grievance.html]
[www.ltsu.ac.in/assets/frontend/pdf/LTSU_Scholarship_Policy-SET2026.html]
[cdn.prod.website-files.com/66af61f906e2326d3e3183a1/css/capabl-872847.webflow.shared.c0648fcce.css]
[ajax.googleapis.com/ajax/libs/webfont/1.6.26/webfont.js]
[fonts.googleapis.com/index.html]
[cdn.prod.website-files.com/66af61f906e2326d3e3183a1/678cc952ba65076a9fd8bdd3_Favicon 32x32.png]
[cdn.prod.website-files.com/66af61f906e2326d3e3183a1/678cccba8b8fc0d60efbd8d0_Short logo 256x256.png]
[connect.facebook.net/en_US/fbevents.js]
[checkout.razorpay.com/v1/checkout.js]
[cdn.prod.website-files.com/66af61f906e2326d3e3183a1/66afee391f29c527ad2c2ada_Capabl TM logo.png]
[cdn.prod.website-files.com/66af61f906e2326d3e3183a1/6933cd09cc20b9751fe57162_Tools Used.png]
[www.youtube.com/@capabl.html]
[cdn.prod.website-files.com/66b2513331394dfc682ed95f/69e5f9800c758fef22f62a1a_FDP Banner.png]
[cdn.prod.website-files.com/66b2513331394dfc682ed95f/69e5f987d39da57c24f21b65_FDP Mobile Banner.png]
[cdn.prod.website-files.com/66af61f906e2326d3e3183a1/68879864972b05d26f60ea1f_NotebookLM Logo.png]
[cdn.prod.website-files.com/66af61f906e2326d3e3183a1/688798906aa9df1cd3f38b1e_Napkin Logo.png]
[cdn.prod.website-files.com/66af61f906e2326d3e3183a1/68b80939647ff11b3f2f2071_N8n-logo-new.svg.png]
[cdn.prod.website-files.com/66af61f906e2326d3e3183a1/68879c334216559ede84ce1a_learning_4829784.png]
[cdn.prod.website-files.com/66af61f906e2326d3e3183a1/68879c98bf6151835e87ef12_robot_7056455.png]
[cdn.prod.website-files.com/66af61f906e2326d3e3183a1/681ae0c92f31f94216cc0b45_racial-tolerance_7408191.png]
[cdn.prod.website-files.com/66af61f906e2326d3e3183a1/681ae1dd68f7f3735597a64d_chair_3364500.png]
[cdn.prod.website-files.com/66c33148d7db732dc0f5cb7d/66d04e567e2b3bd49fa8848d_line.png]
[cdn.prod.website-files.com/66b2513331394dfc682ed95f/69e5fc4a61acb404e8cc1615_1.png]
[cdn.prod.website-files.com/66b2513331394dfc682ed95f/69e5fc4f1d7841dff48cd03c_2.png]
[cdn.prod.website-files.com/66b2513331394dfc682ed95f/69e5fc54c1879ac0676e0be7_3.png]
[cdn.prod.website-files.com/66b2513331394dfc682ed95f/69e5fc5afa8edc200490a155_4.png]
[cdn.prod.website-files.com/66b2513331394dfc682ed95f/69e5fc5ff85f05198c3ee2e4_5.png]
[cdn.prod.website-files.com/66b2513331394dfc682ed95f/69e5fc6559b3a3ecb5d296dd_6.png]
[cdn.prod.website-files.com/66b2513331394dfc682ed95f/69e5fc6ba3440d8d74cc1a1d_7.png]
[cdn.prod.website-files.com/66af61f906e2326d3e3183a1/681ecf38b5c64d8e14a993fb_Rakesh C S.png]
[cdn.prod.website-files.com/66af61f906e2326d3e3183a1/6887a042fa71082017647357_toolbox_9544067.png]
[cdn.prod.website-files.com/66af61f906e2326d3e3183a1/6887a25a1205f2d2600b7a63_robot_1404177.png]
[cdn.prod.website-files.com/66af61f906e2326d3e3183a1/6887a2aa6aa9df1cd3f8480a_classroom_16584788.png]
[cdn.prod.website-files.com/66af61f906e2326d3e3183a1/6887a2e2feedb6866c52cf57_legal-document_1890467.png]
[cdn.prod.website-files.com/66af61f906e2326d3e3183a1/6800e7a8f5ce7301ec3b5e29_Sample Certificate.png]
[cdn.prod.website-files.com/66af61f906e2326d3e3183a1/682ed2f3694f3773cbbd8c47_Host your college v3.png]
[cdn.prod.website-files.com/66af61f906e2326d3e3183a1/681edb9583cbe6f6914ddb7d_Gallery FDP.png]
[cdn.prod.website-files.com/66af61f906e2326d3e3183a1/66f18f5a2be44b5706079cbb_Gradient Map 2.png]
[cdn.prod.website-files.com/66af61f906e2326d3e3183a1/66c5e35ec66bf72a9ec6801e_engineered with.png]
[cdn.prod.website-files.com/66af61f906e2326d3e3183a1/66c5e8b8104acbc6842ebf61_Linked in.png]
[cdn.prod.website-files.com/66af61f906e2326d3e3183a1/66c5e8b8e22fafedc932020d_Instagram.png]
[cdn.prod.website-files.com/66af61f906e2326d3e3183a1/66c5e8b8fe4738dea37732cf_Whatsapp.png]
[d3e54v103j8qbb.cloudfront.net/js/jquery-3.5.1.min.dc5e7f18c88ce9.js]
[cdn.prod.website-files.com/66af61f906e2326d3e3183a1/js/webflow.schunk.36b8fb49256177c8.js]
[cdn.prod.website-files.com/66af61f906e2326d3e3183a1/js/webflow.schunk.1c703c85b1cb5e2d.js]
[www.capabl.in/educate-the-educator/punjab-lstu-may-2026.html]
[cdn.prod.website-files.com/66af61f906e2326d3e3183a1/js/webflow.0ab2bfe3.baa7a9d603d7bea4.js]
[www.gstatic.com/images/branding/productlogos/forms_2026/v2/web-16dp/logo_forms_2026_color_1x_web_16dp.png]
[ssl.gstatic.com/docs/forms/device_home/android_192.png]
[ssl.gstatic.com/docs/forms/device_home/ios_120.png]
[ssl.gstatic.com/docs/forms/device_home/ios_152.png]
[www.google.com/recaptcha/api3489.js]
[docs.google.com/forms/d/e/1FAIpQLSehIsx5x59zfEQ6y2WGcx_wctydBU1FRZ0wGJJUsgFMTckIlA/abuse.538.delayed]
[docs.google.com/forms/d/e/1FAIpQLSehIsx5x59zfEQ6y2WGcx_wctydBU1FRZ0wGJJUsgFMTckIlA/viewform0e12.html]
[www.ltsu.ac.in/news/lstu-organized-an-industry–academia–hr-meet-2026.html]
[www.ltsu.ac.in/event/the-tribune-punjab-achievers-award-2026.html]
[www.ltsu.ac.in/writable/uploads/banner/1771859724_3dc686072878a71e22ed.html]
[www.facebook.com/share/p/1C5nwZgWtk/index.html]
[www.ltsu.ac.in/writable/uploads/banner/1752251060_19b3c78434164da8dd11.html]
[ltsu.ac.in/blog/ltsu-shines-bright-honoured-with-3-prestigious-awards-for-educational-excellence/index.html]
[www.ltsu.ac.in/writable/uploads/banner/1749058305_5178bce76a6f9d0ad49f.html]
[www.ltsu.ac.in/writable/uploads/banner/1741086599_a33ca90ed2fbddc3fb4c.html]
[www.ltsu.ac.in/writable/uploads/banner/1713933852_e639bc8f0c1b2ed3cce2.html]
[www.facebook.com/lamrintechuniv/posts/pfbid02ekoefxM41thU4nd925fu4YQXkE1hNx9UfCn5zHv36yoFxQUGPt8JAUWi5tSfCZ3vlc1de.html]
[scontent.fixc1-4.fna.fbcdn.net/v/t39.30808-6/474616435_588349067686600_7423018518540058486_n631e.jpg]
[www.facebook.com/100095345343991/posts/nsdc-academy-partners-with-lamrin-tech-skills-university-to-enhance-training-sup/388289871025855/index.html]
[static.xx.fbcdn.net/rsrc.php/v4/yA/r/LlahLfqltEu.js]
[static.xx.fbcdn.net/rsrc.php/v4ihrH4/y7/l/en_GB-j/gXdYivvCwsH9-1ERHICe0ObjRmu7gYjQjh8--7kDIENDwu7xUJ2DlyUT0InD_0dBqJfAozIMNFBkkw-ZnUsx4RDoOmq97LhqYGU9f5OOy-5gC2Duw]
[static.xx.fbcdn.net/rsrc.php/v4/yC/r/4V5wkD3ZtpP.js]
[static.xx.fbcdn.net/rsrc.php/v4iOo24/yA/l/en_GB-j/PjeDhbrr4tS.js]
[static.xx.fbcdn.net/rsrc.php/v4/yj/r/Py3k8641OfS.js]
[static.xx.fbcdn.net/rsrc.php/v4iQNe4/yI/l/en_GB-j/PMCocw5q7qC59oITumtaJMaitzTn_wE1kkal3GhUOcgfoMSf-W6tkkbiQoHxnpPlvf4tHSOZ0ohAc4kXz75kXxdpAQ_ShKYUb96zNZ0KNn4OLV5O6]
[www.facebook.com/TheAustralian.com.au/index.html]
[www.facebook.com/news.com.html]
[www.facebook.com/kollosche.com.html]
[www.facebook.com/awstrack.html]
[www.facebook.com/YfajRO.html]
[www.facebook.com/5yeKzq.html]
[scontent.fixc1-11.fna.fbcdn.net/v/t39.30808-1/487424703_655291524325687_5413985382955619933_nb381.jpg]
[scontent.fixc1-4.fna.fbcdn.net/v/t39.30808-6/474616435_588349067686600_7423018518540058486_nfddf.jpg]
[www.facebook.com/login/device-based/regular/login/indexb25f.html]
[scontent.fixc1-7.fna.fbcdn.net/v/t39.30808-6/474895317_588349197686587_5233369393674578709_n17cb.jpg]
[scontent.fixc1-5.fna.fbcdn.net/v/t39.30808-6/474505213_588349351019905_295806315689615103_nb302.jpg]
[static.xx.fbcdn.net/rsrc.php/v4ijhU4/yU/l/en_GB-j/0Og3Vyi-ew4.js]
[static.xx.fbcdn.net/rsrc.php/v4idiP4/yx/l/en_GB-j/vTESKMTp1vRW-Ldmo1y9yLmnlz_eIoE9CaQ_hElkJ8_C.js]
[www.facebook.com/Zw276C.html]
[static.xx.fbcdn.net/rsrc.php/v4iZDS4/yD/l/en_GB-j/gOY-CFJYbXHcVB5yKr4KSjbxqJ6CYEyrHFqYi6eXz-kduVJ0gYXP7cjO8h6hT2y4mR59M9tncsF-Pc2hiqhmkpralGerzl1qA7VKgieYFYOn1_oNq]
[www.facebook.com/o04rUC.html]
[www.facebook.com/NVed.html]
[www.facebook.com/Sl2mOF.html]
[www.facebook.com/VPNbRL.html]
[www.facebook.com/permalink8f76.html]
[www.facebook.com/people/NSDC-Academy/100095345343991/index2a59.html]
[www.facebook.com/people/NSDC-Academy/100095345343991/indexb862.html]
[www.facebook.com/NSDCIndiaOfficial3635.html]
[www.facebook.com/hashtag/nsdc2def.html]
[www.facebook.com/hashtag/nsdcacademy2def.html]
[www.facebook.com/hashtag/ltsu2def.html]
[www.facebook.com/hashtag/edtech2def.html]
[www.facebook.com/hashtag/upskilling2def.html]
[www.facebook.com/hashtag/reskilling2def.html]
[www.facebook.com/photo/indexa08e.html]
[www.facebook.com/photo/index1a3a.html]
[www.facebook.com/photo/index513b.html]
[scontent.fixc1-4.fna.fbcdn.net/v/t39.30808-1/297117936_1032105791005431_4268125606037197833_nd82d.jpg]
[www.facebook.com/permalink04b7.html]
[www.ltsu.ac.in/phd-program.html]
[www.ltsu.ac.in/integrated-courses.html]
[www.ltsu.ac.in/future-skills-40.html]
[www.ltsu.ac.in/assets/frontend/images/bg--1001.html]
[www.ltsu.ac.in/assets/frontend/images/Commerce2m.html]
[www.ltsu.ac.in/assets/frontend/images/pharmacy_academic1.html]
[www.ltsu.ac.in/assets/frontend/images/polytechnic2.html]
[www.ltsu.ac.in/assets/frontend/images/bg-0001.html]
[www.facebook.com/permalink9963.html]
[www.youtube.com/watch09e3.html]
[www.youtube.com/android-app_/com.google.android.youtube/http/www.youtube.com/watch61ff.html]
[www.youtube.com/ios-app_/544007664/vnd.youtube/www.youtube.com/watch.56561ff.delayed]
[www.youtube.com/oembed654c.json]
[www.youtube.com/oembed6c60]
[i.ytimg.com/vi/pBy1lytmaaw/maxresdefault5d68.jpg]
[www.youtube.com/embed/pBy1lytmaaw.html]
[www.youtube.com/@ltsupnb.html]
[i.ytimg.com/vi/pBy1lytmaaw/hqdefault.jpg]
[www.youtube.com/s/player/5b27766f/player_ias.vflset/en_US/base.js]
[www.youtube.com/async_attach_app_loader.56f.delayed]
[www.youtube.com/watch61ff.html]
[www.ltsu.ac.in/event/3-days-boot-camp-at-uscm.html]
[www.ltsu.ac.in/writable/uploads/event/1777387918_5087a0afdc2453861bc9.html]
[www.ltsu.ac.in/event/football-matches-among-international-students-promote-unity-and-sportsmanship2.html]
[www.ltsu.ac.in/writable/uploads/event/1777438595_2327b4ea483b962e65d0.html]
[www.ltsu.ac.in/event/world-earth-day-2026-pledge-ceremony.html]
[www.ltsu.ac.in/writable/uploads/event/1776861597_d59b08faabd358194be1.html]
[www.ltsu.ac.in/event/research-poster-presentaion.html]
[www.ltsu.ac.in/writable/uploads/event/1776766026_10e491f46552c3d1601f.html]
[www.ltsu.ac.in/event/the-international-youth-biodiversity-conference-2026-at-hyderabad.html]
[www.ltsu.ac.in/writable/uploads/event/1776493165_b68e84c784cd481c54c5.html]
[www.ltsu.ac.in/event/interactive-awareness-session-on-the-theme-nutrition-for-mothers-children.html]
[www.ltsu.ac.in/event/expert-lecture-on- time-management.html]
[www.ltsu.ac.in/event/upcoming-event-pharma-rhythm-beginning-&amp;-ending-2026-freshers-cum-farewell-party.html]
[www.ltsu.ac.in/event/honoring-our-shining-stars.html]
[www.ltsu.ac.in/writable/uploads/event/1776338412_1397ebeb7564241c424e.html]
[www.ltsu.ac.in/writable/uploads/news/1776929839_3b08a64cc8435200db6e.html]
[www.ltsu.ac.in/writable/uploads/news/1775896676_3c96bfddd121bcbbae01.html]
[www.ltsu.ac.in/news/educational-revolution-is-the-need-of-the-hour-manish-sisodia.html]
[scontent.fixc1-3.fna.fbcdn.net/v/t39.30808-6/665983959_949062424308007_4217414063553117381_n8693.jpg]
[www.facebook.com/lamrintechuniv/posts/-exciting-news-lamrin-tech-skills-university-ltsu-has-partnered-with-orane-inter/949062494308000/index.html]
[www.facebook.com/lamrintechuniv/posts/theaustralian.com.html]
[www.facebook.com/lamrintechuniv/posts/news.com.html]
[www.facebook.com/lamrintechuniv/posts/kollosche.com.html]
[www.facebook.com/lamrintechuniv/posts/awstrack.html]
[www.facebook.com/lamrintechuniv/posts/YfajRO.html]
[www.facebook.com/lamrintechuniv/posts/5yeKzq.html]
[scontent.fixc1-12.fna.fbcdn.net/v/t39.30808-1/637834637_915088297705420_4096192415863820457_n6dcf.jpg]
[scontent.fixc1-3.fna.fbcdn.net/v/t39.30808-6/665983959_949062424308007_4217414063553117381_nece4.jpg]
[static.xx.fbcdn.net/rsrc.php/v4/yY/r/vTESKMTp1vR.js]
[static.xx.fbcdn.net/rsrc.php/v4iTZc4/y8/l/en_GB-j/W-Ldmo1y9yLmnlz_eIoE9CaQ_hElkJ8_CgOY-CFJYbXHcVB5yKr4KSjbxqJ6CYEyrHFqYi6eXz-kduVJ0gYXP7cjO8h6hT2y4mR59M9tncsF-Pc2h]
[www.facebook.com/lamrintechuniv/posts/Zw276C.html]
[www.facebook.com/lamrintechuniv/posts/o04rUC.html]
[www.facebook.com/lamrintechuniv/posts/NVed.html]
[www.facebook.com/lamrintechuniv/posts/Sl2mOF.html]
[www.facebook.com/lamrintechuniv/posts/VPNbRL.html]
[static.xx.fbcdn.net/images/emoji.php/v9/tc6/1/16/1f680.png]
[static.xx.fbcdn.net/images/emoji.php/v9/t64/1/16/1f91d.png]
[static.xx.fbcdn.net/images/emoji.php/v9/t49/1/16/1f4da.png]
[www.facebook.com/login/device-based/regular/login/index8e71.html]
[www.facebook.com/lamrintechuniv6f8a.html]
[www.facebook.com/lamrintechuniv6a30.html]
[www.facebook.com/lamrintechuniv/posts/pfbid02uzkESciLXW8TMHqKn53yZEJkz7mRaboxRncuae4ea9HdvTmJ63y7zM9rHAC8LGs8l6d19.html]
[www.facebook.com/hashtag/ltsu60a8.html]
[www.facebook.com/hashtag/skilling60a8.html]
[www.facebook.com/hashtag/oraneinternational60a8.html]
[www.facebook.com/hashtag/skillbasededucation60a8.html]
[www.facebook.com/hashtag/fashiondesign60a8.html]
[www.facebook.com/hashtag/beautywellness60a8.html]
[www.facebook.com/hashtag/multimediagraphics60a8.html]
[www.facebook.com/hashtag/careeropportunities60a8.html]
[www.facebook.com/photo/index81a3.html]
[www.facebook.com/lamrintechuniv/posts/pfbid0raNgsbnwVDJP9rg52cxiWSGaft3eijUJRPZfbtsYZwbCAxk8xJSWubALLfLBBXbAl.html]
[www.facebook.com/share/v/18GhfkXeRM/index.html]
[www.ltsu.ac.in/writable/uploads/news/1775387313_f7da08cf32fff6add490.html]
[www.ltsu.ac.in/news/blood-donation-camp-at-ltsu-campus.html]
[www.facebook.com/lamrintechuniv/posts/pfbid02wXbYBPr3fXwmJ5F5VsR6mP4JYBWnDjqWyxxJPv94YziX6h2HsVMcCiDWnkLU5xxele2c7.html]
[www.facebook.com/share/p/1AxY4zoKRD/index.html]
[www.ltsu.ac.in/writable/uploads/news/1775058340_a7abf2af41b330f2f070.html]
[www.facebook.com/lamrintechuniv/posts/pfbid02b5u8TcrKKY9mnHRnPFYssgQwUKU51dJrLRkHKCjiMqeLHE1g7o5rrnax2LJYxGa5l362b.html]
[www.facebook.com/share/p/1EdBDB6eBD/index.html]
[www.facebook.com/lamrintechuniv/posts/pfbid02zqNCLdgb1Jz1p53Vm7xEWr7Ld53oY6J55KZkn5uqDmud2aiXTckK3Z2Dc37FU1Pel9e99.html]
[www.facebook.com/share/p/18Ky4C7Hde/index.html]
[www.facebook.com/lamrintechuniv/posts/pfbid09mnitNrAgQSn2XbqeRyVrihRZj5gB17AQmhDDDE4y32gRWH13jscLm2NjjvsKFFWl07ff.html]
[www.facebook.com/share/p/18S3wWnxio/index.html]
[www.ltsu.ac.in/news/one-day-awareness-workshop-on-pm-vishwakarma-scheme.html]
[www.ltsu.ac.in/assets/frontend/images/industry10.html]
[www.ltsu.ac.in/assets/frontend/images/industry13.html]
[www.ltsu.ac.in/assets/frontend/images/industry6.html]
[www.ltsu.ac.in/assets/frontend/images/industry12.html]
[www.ltsu.ac.in/assets/frontend/images/industry14.html]
[www.ltsu.ac.in/assets/frontend/images/international11.html]
[www.ltsu.ac.in/assets/frontend/images/international1.html]
[www.ltsu.ac.in/assets/frontend/images/international2.html]
[www.ltsu.ac.in/assets/frontend/images/international3.html]
[www.ltsu.ac.in/assets/frontend/images/international5.html]
[www.ltsu.ac.in/assets/frontend/images/international9.html]
[www.ltsu.ac.in/assets/frontend/images/international10.html]
[www.ltsu.ac.in/assets/frontend/images/international6.html]
[www.ltsu.ac.in/assets/frontend/images/ltsu-Aireal-View.html]
[www.ltsu.ac.in/assets/frontend/images/testimo.html]
[www.ltsu.ac.in/assets/frontend/images/pic4.html]
[www.ltsu.ac.in/assets/frontend/images/pic6.html]
[www.ltsu.ac.in/assets/frontend/images/pic56.html]
[www.ltsu.ac.in/assets/frontend/images/pic1.html]
[www.ltsu.ac.in/assets/frontend/images/pic2.html]
[www.ltsu.ac.in/assets/frontend/images/rm309-adj-03.html]
[www.ltsu.ac.in/event/one-day-workshop-on-drone-technology-and-innovation.html]
[www.ltsu.ac.in/writable/uploads/media/1768238152_0b460caf2fa78aeebcca.html]
[www.ltsu.ac.in/writable/uploads/media/1752900794_b5584701840f57631e47.html]
[www.ltsu.ac.in/writable/uploads/media/1752251635_23777d914f15e76bf7c4.html]
[www.ltsu.ac.in/writable/uploads/media/1752251648_b27374f23db5f44cca3c.html]
[www.ltsu.ac.in/writable/uploads/media/1752251663_3e164a1d518587444928.html]
[www.ltsu.ac.in/writable/uploads/media/1752205638_c1cda63f230246588db7.html]
[www.ltsu.ac.in/writable/uploads/media/1750942915_5a437f929f87ed312549.html]
[www.ltsu.ac.in/writable/uploads/media/1748586777_b421054db6294658cf66.html]
[www.ltsu.ac.in/writable/uploads/media/1750741795_ed2ca6e274e675856593.html]
[www.ltsu.ac.in/writable/uploads/media/1735987110_ae73b2741b124d693fef.html]
[ltsu.ac.in/assets/frontend/pdf/Academic-Calendar-Jan.-24-to-Jun.-24.html]
[www.ltsu.ac.in/writable/uploads/media/1747190560_77b35f8e4b8116713821.html]
[www.ltsu.ac.in/writable/uploads/media/1746602458_6608bc4eefb889331ba2.html]
[www.facebook.com/lamrintechuniv/posts/pfbid0da4Ho8MtMrLz6raLA5AGGUA8wvvCHJaVh13rqWfsmc3kz7d443VGCkrNip2N7w8vlbf3a.html]
[www.youtube.com/android-app_/com.google.android.youtube/http/www.youtube.com/watch736a.html]
[www.youtube.com/ios-app_/544007664/vnd.youtube/www.youtube.com/watch.598736a.delayed]
[www.youtube.com/watch736a.html]
[www.facebook.com/share/p/1Am7fjT5rk/index.html]
[ltsu.ac.in/assets/frontend/pdf/Adv_25072024.html]
[www.ltsu.ac.in/yuva.html]
[www.facebook.com/lamrintechuniv/posts/pfbid02guyNQckGi4WFffDh7vjZejabBbEXNMukb2h5gCZSz12T1Mp8nxKCLSXEBYGjH91mlbd4c.html]
[cricclubs.com/homeab54.html]
[www.ltsu.ac.in/writable/uploads/media/1759314773_b0c7dbb1741a5c238138.html]
[www.education.gov.in/index.html]
[www.ltsu.ac.in/assets/frontend/images/imp_ugc.html]
[www.ltsu.ac.in/writable/uploads/data/nep_2020.html]
[www.ltsu.ac.in/assets/frontend/images/imp_nep2020.html]
[connect.facebook.net/en_GB/sdk.js]
[nad.gov.in/images/flag.png]
[nad.gov.in/images/logo-new.jpg]
[nad.gov.in/images/nad-logo-new.png]
[nad.gov.in/images/g2023.png]
[nad.gov.in/images/Digilocker_New Banner.jpg]
[nad.gov.in/images/banner1-3.jpg]
[nad.gov.in/images/banner1-4.jpg]
[nad.gov.in/images/digitalindia-top.png]
[nad.gov.in/images/inst-logo1.jpg]
[nad.gov.in/images/inst-logo2.jpg]
[nad.gov.in/images/inst-logo3.jpg]
[nad.gov.in/images/inst-logo4.jpg]
[nad.gov.in/images/inst-logo5.jpg]
[nad.gov.in/images/inst-logo6.jpg]
[nad.gov.in/videos/abc-1.mp4]
[nad.gov.in/videos/abc-2.mp4]
[nad.gov.in/videos/abc-3.mp4]
[nad.gov.in/videos/abc-4.mp4]
